ancillaries/common
ancillaries/it
ancillaries/uk
ancillaries/us
ancillaries/wd
backup
boundaries/it/rds/s00
boundaries/it/rds/s10
boundaries/it/rds/s20
boundaries/it/rds/s30
boundaries/it/rds/s40
boundaries/it/rds/s50
boundaries/it/shp
boundaries/uk/rds/s00
boundaries/uk/rds/s10
boundaries/uk/rds/s20
boundaries/uk/rds/s30
boundaries/uk/rds/s40
boundaries/uk/rds/s50
boundaries/uk/shp
boundaries/us/rds
boundaries/us/shp
boundaries/wd/rds
boundaries/wd/shp
databases
datasets/common
datasets/census/it
datasets/census/uk
datasets/census/us
datasets/common
datasets/it/census
datasets/it/geography
datasets/uk/census
datasets/uk/geography
datasets/us/census
datasets/us/geography
datasets/wd/geography
datasets/shiny-apps
dependencies
docker_hub
downloads
ext_data/common
ext_data/eu/geography
ext_data/it/census
ext_data/it/geography
ext_data/uk/census
ext_data/uk/geography
ext_data/us/census
ext_data/us/geography
ext_data/wd/geography
ext_libs
fonts
icons
images
maptiles
meta
outputs
R_library
scripts
shiny_apps/
shiny_server/logs
shiny_server/pwds
slides
styles
temp
workshops
www
